../Drivers/STM32F7xx_HAL_Driver/Src/stm32f7xx_hal_spdifrx.c:377:13:HAL_SPDIFRX_MspInit	0	static
../Drivers/STM32F7xx_HAL_Driver/Src/stm32f7xx_hal_spdifrx.c:237:19:HAL_SPDIFRX_Init	16	static
../Drivers/STM32F7xx_HAL_Driver/Src/stm32f7xx_hal_spdifrx.c:392:13:HAL_SPDIFRX_MspDeInit	0	static
../Drivers/STM32F7xx_HAL_Driver/Src/stm32f7xx_hal_spdifrx.c:332:19:HAL_SPDIFRX_DeInit	8	static
../Drivers/STM32F7xx_HAL_Driver/Src/stm32f7xx_hal_spdifrx.c:602:19:HAL_SPDIFRX_SetDataFormat	4	static
../Drivers/STM32F7xx_HAL_Driver/Src/stm32f7xx_hal_spdifrx.c:701:19:HAL_SPDIFRX_ReceiveDataFlow	32	static
../Drivers/STM32F7xx_HAL_Driver/Src/stm32f7xx_hal_spdifrx.c:775:19:HAL_SPDIFRX_ReceiveControlFlow	32	static
../Drivers/STM32F7xx_HAL_Driver/Src/stm32f7xx_hal_spdifrx.c:847:19:HAL_SPDIFRX_ReceiveDataFlow_IT	8	static
../Drivers/STM32F7xx_HAL_Driver/Src/stm32f7xx_hal_spdifrx.c:932:19:HAL_SPDIFRX_ReceiveControlFlow_IT	4	static
../Drivers/STM32F7xx_HAL_Driver/Src/stm32f7xx_hal_spdifrx.c:1017:19:HAL_SPDIFRX_ReceiveDataFlow_DMA	24	static
../Drivers/STM32F7xx_HAL_Driver/Src/stm32f7xx_hal_spdifrx.c:1118:19:HAL_SPDIFRX_ReceiveControlFlow_DMA	24	static
../Drivers/STM32F7xx_HAL_Driver/Src/stm32f7xx_hal_spdifrx.c:1217:19:HAL_SPDIFRX_DMAStop	8	static
../Drivers/STM32F7xx_HAL_Driver/Src/stm32f7xx_hal_spdifrx.c:1295:13:HAL_SPDIFRX_RxHalfCpltCallback	0	static
../Drivers/STM32F7xx_HAL_Driver/Src/stm32f7xx_hal_spdifrx.c:1436:13:SPDIFRX_DMARxHalfCplt	8	static
../Drivers/STM32F7xx_HAL_Driver/Src/stm32f7xx_hal_spdifrx.c:1310:13:HAL_SPDIFRX_RxCpltCallback	0	static
../Drivers/STM32F7xx_HAL_Driver/Src/stm32f7xx_hal_spdifrx.c:1413:13:SPDIFRX_DMARxCplt	8	static
../Drivers/STM32F7xx_HAL_Driver/Src/stm32f7xx_hal_spdifrx.c:1325:13:HAL_SPDIFRX_CxHalfCpltCallback	0	static
../Drivers/STM32F7xx_HAL_Driver/Src/stm32f7xx_hal_spdifrx.c:1474:13:SPDIFRX_DMACxHalfCplt	8	static
../Drivers/STM32F7xx_HAL_Driver/Src/stm32f7xx_hal_spdifrx.c:1340:13:HAL_SPDIFRX_CxCpltCallback	0	static
../Drivers/STM32F7xx_HAL_Driver/Src/stm32f7xx_hal_spdifrx.c:1453:13:SPDIFRX_DMACxCplt	8	static
../Drivers/STM32F7xx_HAL_Driver/Src/stm32f7xx_hal_spdifrx.c:1355:13:HAL_SPDIFRX_ErrorCallback	0	static
../Drivers/STM32F7xx_HAL_Driver/Src/stm32f7xx_hal_spdifrx.c:1490:13:SPDIFRX_DMAError	8	static
../Drivers/STM32F7xx_HAL_Driver/Src/stm32f7xx_hal_spdifrx.c:1246:6:HAL_SPDIFRX_IRQHandler	24	static
../Drivers/STM32F7xx_HAL_Driver/Src/stm32f7xx_hal_spdifrx.c:1389:26:HAL_SPDIFRX_GetState	0	static
../Drivers/STM32F7xx_HAL_Driver/Src/stm32f7xx_hal_spdifrx.c:1399:10:HAL_SPDIFRX_GetError	0	static
