../Drivers/STM32F7xx_HAL_Driver/Src/stm32f7xx_ll_rcc.c:162:13:LL_RCC_DeInit	8	static
../Drivers/STM32F7xx_HAL_Driver/Src/stm32f7xx_ll_rcc.c:257:6:LL_RCC_GetSystemClocksFreq	4	static
../Drivers/STM32F7xx_HAL_Driver/Src/stm32f7xx_ll_rcc.c:282:10:LL_RCC_GetUSARTClockFreq	8	static
../Drivers/STM32F7xx_HAL_Driver/Src/stm32f7xx_ll_rcc.c:421:10:LL_RCC_GetUARTClockFreq	8	static
../Drivers/STM32F7xx_HAL_Driver/Src/stm32f7xx_ll_rcc.c:562:10:LL_RCC_GetI2CClockFreq	8	static
../Drivers/STM32F7xx_HAL_Driver/Src/stm32f7xx_ll_rcc.c:673:10:LL_RCC_GetI2SClockFreq	4	static
../Drivers/STM32F7xx_HAL_Driver/Src/stm32f7xx_ll_rcc.c:709:10:LL_RCC_GetLPTIMClockFreq	8	static
../Drivers/STM32F7xx_HAL_Driver/Src/stm32f7xx_ll_rcc.c:760:10:LL_RCC_GetSAIClockFreq	4	static
../Drivers/STM32F7xx_HAL_Driver/Src/stm32f7xx_ll_rcc.c:880:10:LL_RCC_GetSDMMCClockFreq	4	static
../Drivers/STM32F7xx_HAL_Driver/Src/stm32f7xx_ll_rcc.c:962:10:LL_RCC_GetRNGClockFreq	4	static
../Drivers/STM32F7xx_HAL_Driver/Src/stm32f7xx_ll_rcc.c:999:10:LL_RCC_GetCECClockFreq	0	static
../Drivers/STM32F7xx_HAL_Driver/Src/stm32f7xx_ll_rcc.c:1035:10:LL_RCC_GetUSBClockFreq	4	static
../Drivers/STM32F7xx_HAL_Driver/Src/stm32f7xx_ll_rcc.c:1169:10:LL_RCC_GetLTDCClockFreq	4	static
../Drivers/STM32F7xx_HAL_Driver/Src/stm32f7xx_ll_rcc.c:1193:10:LL_RCC_GetSPDIFRXClockFreq	4	static
../Drivers/STM32F7xx_HAL_Driver/Src/stm32f7xx_ll_rcc.c:1225:10:RCC_GetSystemClockFreq	4	static
../Drivers/STM32F7xx_HAL_Driver/Src/stm32f7xx_ll_rcc.c:1257:10:RCC_GetHCLKClockFreq	0	static
../Drivers/STM32F7xx_HAL_Driver/Src/stm32f7xx_ll_rcc.c:1268:10:RCC_GetPCLK1ClockFreq	0	static
../Drivers/STM32F7xx_HAL_Driver/Src/stm32f7xx_ll_rcc.c:1279:10:RCC_GetPCLK2ClockFreq	0	static
../Drivers/STM32F7xx_HAL_Driver/Src/stm32f7xx_ll_rcc.c:1289:10:RCC_PLL_GetFreqDomain_SYS	4	static
../Drivers/STM32F7xx_HAL_Driver/Src/stm32f7xx_ll_rcc.c:1320:10:RCC_PLL_GetFreqDomain_48M	4	static
../Drivers/STM32F7xx_HAL_Driver/Src/stm32f7xx_ll_rcc.c:1381:10:RCC_PLLSAI_GetFreqDomain_SAI	4	static
../Drivers/STM32F7xx_HAL_Driver/Src/stm32f7xx_ll_rcc.c:1412:10:RCC_PLLSAI_GetFreqDomain_48M	4	static
../Drivers/STM32F7xx_HAL_Driver/Src/stm32f7xx_ll_rcc.c:1444:10:RCC_PLLSAI_GetFreqDomain_LTDC	4	static
../Drivers/STM32F7xx_HAL_Driver/Src/stm32f7xx_ll_rcc.c:1476:10:RCC_PLLI2S_GetFreqDomain_SAI	4	static
../Drivers/STM32F7xx_HAL_Driver/Src/stm32f7xx_ll_rcc.c:1508:10:RCC_PLLI2S_GetFreqDomain_SPDIFRX	4	static
../Drivers/STM32F7xx_HAL_Driver/Src/stm32f7xx_ll_rcc.c:1541:10:RCC_PLLI2S_GetFreqDomain_I2S	4	static
