../Core/Src/main.c:253:6:camWriteReg.constprop	16	static
../Core/Src/main.c:467:9:read_fifo_burst.part.0	1520	static
../Core/Src/main.c:197:6:SPI_Transmit	0	static
../Core/Src/main.c:214:6:SPI_Receive	8	static
../Core/Src/main.c:227:6:SPI_TransmitReceive	8	static
../Core/Src/main.c:239:9:camReadReg	24	static
../Core/Src/main.c:253:6:camWriteReg	24	static
../Core/Src/main.c:262:5:wrSensorReg16_8	24	static
../Core/Src/main.c:277:5:wrSensorRegs16_8	32	static
../Core/Src/main.c:296:5:rdSensorReg16_8	32	static
../Core/Src/main.c:314:6:initCam	40	static
../Core/Src/main.c:362:6:clear_fifo_flag	0	static
../Core/Src/main.c:366:6:OV5642_set_JPEG_size	40	static
../Core/Src/main.c:400:6:OV5642_set_RAW_size	40	static
../Core/Src/main.c:421:10:read_fifo_length	16	static
../Core/Src/main.c:429:9:camTransfer	8	static
../Core/Src/main.c:436:10:average_rgb565	8	static
../Core/Src/main.c:467:9:read_fifo_burst	16	static
../Core/Src/main.c:583:6:flush_fifo	0	static
../Core/Src/main.c:588:6:start_capture_func	0	static
../Core/Src/main.c:593:9:camReadRegBit	8	static
../Core/Src/main.c:600:6:clear_bit	16	static
../Core/Src/main.c:607:6:set_bit	16	static
../Core/Src/main.c:617:5:aiInit	16	static
../Core/Src/main.c:639:5:aiRun	8	static
../Core/Src/main.c:657:6:process_output	16	static
../Core/Src/main.c:679:6:HAL_UART_RxCpltCallback	0	static
../Core/Src/main.c:868:6:SystemClock_Config	96	static,ignoring_inline_asm
../Core/Src/main.c:925:6:PeriphCommonClock_Config	144	static,ignoring_inline_asm
../Core/Src/main.c:695:5:main	216	static,ignoring_inline_asm
../Core/Src/main.c:2310:6:HAL_TIM_PeriodElapsedCallback	0	static
../Core/Src/main.c:2327:6:Error_Handler	0	static,ignoring_inline_asm
